Traceback (most recent call last):
  File "/Users/emueller/anaconda3/lib/python3.13/site-packages/jupyter_cache/executors/utils.py", line 58, in single_nb_execution
    executenb(
    ~~~~~~~~~^
        nb,
        ^^^
    ...<4 lines>...
        **kwargs,
        ^^^^^^^^^
    )
    ^
  File "/Users/emueller/anaconda3/lib/python3.13/site-packages/nbclient/client.py", line 1323, in execute
    return NotebookClient(nb=nb, resources=resources, km=km, **kwargs).execute()
           ~~~~~~~~~~~~~~~~~~~~~~~~~~~~~~~~~~~~~~~~~~~~~~~~~~~~~~~~~~~~~~~~~~~^^
  File "/Users/emueller/anaconda3/lib/python3.13/site-packages/jupyter_core/utils/__init__.py", line 165, in wrapped
    return loop.run_until_complete(inner)
           ~~~~~~~~~~~~~~~~~~~~~~~^^^^^^^
  File "/Users/emueller/anaconda3/lib/python3.13/asyncio/base_events.py", line 725, in run_until_complete
    return future.result()
           ~~~~~~~~~~~~~^^
  File "/Users/emueller/anaconda3/lib/python3.13/site-packages/nbclient/client.py", line 709, in async_execute
    await self.async_execute_cell(
        cell, index, execution_count=self.code_cells_executed + 1
    )
  File "/Users/emueller/anaconda3/lib/python3.13/site-packages/nbclient/client.py", line 1062, in async_execute_cell
    await self._check_raise_for_error(cell, cell_index, exec_reply)
  File "/Users/emueller/anaconda3/lib/python3.13/site-packages/nbclient/client.py", line 918, in _check_raise_for_error
    raise CellExecutionError.from_cell_and_msg(cell, exec_reply_content)
nbclient.exceptions.CellExecutionError: An error occurred while executing the following cell:
------------------
plot([0,1,2],[4,3,2])
------------------


UndefVarError: `plot` not defined in `Main`
Hint: It looks like two or more modules export different bindings with this name, resulting in ambiguity. Try explicitly importing it from a particular module, or qualifying the name with the module it should come from.
Hint: a global variable of this name also exists in GR.jlgr.
    - Also exported by GR.
Hint: a global variable of this name also exists in RecipesBase.
    - Also exported by Plots.
Hint: a global variable of this name also exists in Makie.
    - Also exported by CairoMakie.

Stacktrace:
 [1] top-level scope
[90m   @[39m [90m[4mIn[9]:1[24m[39m
 [2] [0m[1meval[22m[0m[1m([22m[90mm[39m::[0mModule, [90me[39m::[0mAny[0m[1m)[22m
[90m   @[39m [90mCore[39m [90m./[39m[90m[4mboot.jl:489[24m[39m

