Traceback (most recent call last):
  File "/Users/emueller/anaconda3/lib/python3.13/site-packages/jupyter_cache/executors/utils.py", line 58, in single_nb_execution
    executenb(
    ~~~~~~~~~^
        nb,
        ^^^
    ...<4 lines>...
        **kwargs,
        ^^^^^^^^^
    )
    ^
  File "/Users/emueller/anaconda3/lib/python3.13/site-packages/nbclient/client.py", line 1323, in execute
    return NotebookClient(nb=nb, resources=resources, km=km, **kwargs).execute()
           ~~~~~~~~~~~~~~~~~~~~~~~~~~~~~~~~~~~~~~~~~~~~~~~~~~~~~~~~~~~~~~~~~~~^^
  File "/Users/emueller/anaconda3/lib/python3.13/site-packages/jupyter_core/utils/__init__.py", line 165, in wrapped
    return loop.run_until_complete(inner)
           ~~~~~~~~~~~~~~~~~~~~~~~^^^^^^^
  File "/Users/emueller/anaconda3/lib/python3.13/asyncio/base_events.py", line 725, in run_until_complete
    return future.result()
           ~~~~~~~~~~~~~^^
  File "/Users/emueller/anaconda3/lib/python3.13/site-packages/nbclient/client.py", line 709, in async_execute
    await self.async_execute_cell(
        cell, index, execution_count=self.code_cells_executed + 1
    )
  File "/Users/emueller/anaconda3/lib/python3.13/site-packages/nbclient/client.py", line 1062, in async_execute_cell
    await self._check_raise_for_error(cell, cell_index, exec_reply)
  File "/Users/emueller/anaconda3/lib/python3.13/site-packages/nbclient/client.py", line 918, in _check_raise_for_error
    raise CellExecutionError.from_cell_and_msg(cell, exec_reply_content)
nbclient.exceptions.CellExecutionError: An error occurred while executing the following cell:
------------------
x-0.25
------------------


MethodError: no method matching -(::Vector{Int64}, ::Float64)
For element-wise subtraction, use broadcasting with dot syntax: array .- scalar
The function `-` exists, but no method is defined for this combination of argument types.

[0mClosest candidates are:
[0m  -([91m::Complex{Bool}[39m, ::Real)
[0m[90m   @[39m [90mBase[39m [90m[4mcomplex.jl:329[24m[39m
[0m  -([91m::Missing[39m, ::Number)
[0m[90m   @[39m [90mBase[39m [90m[4mmissing.jl:123[24m[39m
[0m  -([91m::BigFloat[39m, ::Union{Float16, Float32, Float64})
[0m[90m   @[39m [90mBase[39m [90m[4mmpfr.jl:651[24m[39m
[0m  ...


Stacktrace:
 [1] top-level scope
[90m   @[39m [90m[4mIn[28]:1[24m[39m
 [2] [0m[1meval[22m[0m[1m([22m[90mm[39m::[0mModule, [90me[39m::[0mAny[0m[1m)[22m
[90m   @[39m [90mCore[39m [90m./[39m[90m[4mboot.jl:489[24m[39m

